<html>
<body>
<pre>
<h1>µVision Build Log</h1>
<h2>Tool Versions:</h2>
IDE-Version: µVision V5.24.2.0
Copyright (C) 2017 ARM Ltd and ARM Germany GmbH. All rights reserved.
License Information: bui Anh Khoa, abc, LIC=ZB4Y8-3T5U3-PA4DH-W94SG-1DVAT-6DK30
 
Tool Versions:
Toolchain:       MDK-ARM Plus  Version: 5.24.1
Toolchain Path:  C:\Keil_v5\ARM\ARMCC\Bin
C Compiler:      Armcc.exe V5.06 update 5 (build 528)
Assembler:       Armasm.exe V5.06 update 5 (build 528)
Linker/Locator:  ArmLink.exe V5.06 update 5 (build 528)
Library Manager: ArmAr.exe V5.06 update 5 (build 528)
Hex Converter:   FromElf.exe V5.06 update 5 (build 528)
CPU DLL:         SARMCM3.DLL V5.24.1
Dialog DLL:      DARMCM1.DLL V1.18.0.0
Target DLL:      STLink\ST-LINKIII-KEIL_SWO.dll V3.0.1.0
Dialog DLL:      TARMCM1.DLL V1.13.0.0
 
<h2>Project:</h2>
C:\Users\Anh Khoa\Documents\UIT courses\nhungcanban\doan\Nu-LB-NUC140_BSP3.00.004_v1.2\SampleCode\Nu-LB-NUC140\NHUNG CAN BAN\KEIL\Nu_LB_NUC140_UART.uvproj
Project File Date:  12/03/2018

<h2>Output:</h2>
*** Using Compiler 'V5.06 update 5 (build 528)', folder: 'C:\Keil_v5\ARM\ARMCC\Bin'
Rebuild target 'UART0_TX'
creating preprocessor file for system_NUC100Series.c...
assembling startup_NUC100Series.s...
creating preprocessor file for sys.c...
creating preprocessor file for clk.c...
creating preprocessor file for uart.c...
compiling system_NUC100Series.c...
compiling sys.c...
creating preprocessor file for gpio.c...
compiling clk.c...
creating preprocessor file for main.c...
creating preprocessor file for SYS_init.c...
compiling uart.c...
compiling gpio.c...
creating preprocessor file for Scankey.c...
compiling main.c...
..\main.c(18): warning:  #1295-D: Deprecated declaration build_buffer - give arg types
  uint8_t *build_buffer();
..\main.c(22): warning:  #550-D: variable "c"  was set but never used
  	uint8_t c, i;
..\main.c(22): warning:  #177-D: variable "i"  was declared but never referenced
  	uint8_t c, i;
..\main.c(44): warning:  #177-D: variable "Text"  was declared but never referenced
  	char Text[16];
..\main.c(139): warning:  #177-D: variable "i"  was declared but never referenced
  	int i;
..\main.c: 5 warnings, 0 errors
compiling SYS_init.c...
compiling Scankey.c...
linking...
Program Size: Code=2312 RO-data=328 RW-data=56 ZI-data=1040  
FromELF: creating hex file...
After Build - User command #1: fromelf --bin ".\obj\test.axf" --output ".\obj\test.bin"
After Build - User command #2: fromelf --text -c ".\obj\test.axf" --output ".\obj\test.txt"
".\obj\test.axf" - 0 Error(s), 5 Warning(s).
Build Time Elapsed:  00:00:03
</pre>
</body>
</html>
