<html>
<body>
<pre>
<h1>µVision Build Log</h1>
<h2>Tool Versions:</h2>
IDE-Version: µVision V5.24.2.0
Copyright (C) 2017 ARM Ltd and ARM Germany GmbH. All rights reserved.
License Information: bui Anh Khoa, abc, LIC=ZB4Y8-3T5U3-PA4DH-W94SG-1DVAT-6DK30
 
Tool Versions:
Toolchain:       MDK-ARM Plus  Version: 5.24.1
Toolchain Path:  C:\Keil_v5\ARM\ARMCC\Bin
C Compiler:      Armcc.exe V5.06 update 5 (build 528)
Assembler:       Armasm.exe V5.06 update 5 (build 528)
Linker/Locator:  ArmLink.exe V5.06 update 5 (build 528)
Library Manager: ArmAr.exe V5.06 update 5 (build 528)
Hex Converter:   FromElf.exe V5.06 update 5 (build 528)
CPU DLL:         SARMCM3.DLL V5.24.1
Dialog DLL:      DARMCM1.DLL V1.18.0.0
Target DLL:      UL2CM3.DLL V1.160.3.0
Dialog DLL:      TARMCM1.DLL V1.13.0.0
 
<h2>Project:</h2>
C:\Users\Anh Khoa\Documents\UIT courses\nhungcanban\doan\Nu-LB-NUC140_BSP3.00.004_v1.2\SampleCode\Nu-LB-NUC140\UART0_TX\KEIL\Nu_LB_NUC140_UART.uvproj
Project File Date:  12/03/2018

<h2>Output:</h2>
*** Using Compiler 'V5.06 update 5 (build 528)', folder: 'C:\Keil_v5\ARM\ARMCC\Bin'
Rebuild target 'UART0_TX'
creating preprocessor file for system_NUC100Series.c...
assembling startup_NUC100Series.s...
creating preprocessor file for sys.c...
creating preprocessor file for clk.c...
compiling system_NUC100Series.c...
creating preprocessor file for uart.c...
creating preprocessor file for gpio.c...
compiling sys.c...
creating preprocessor file for main.c...
compiling clk.c...
creating preprocessor file for SYS_init.c...
compiling uart.c...
compiling gpio.c...
compiling main.c...
..\main.c(28): warning:  #550-D: variable "Text"  was set but never used
  	char Text[1];
..\main.c: 1 warning, 0 errors
compiling SYS_init.c...
linking...
Program Size: Code=1732 RO-data=328 RW-data=44 ZI-data=1028  
FromELF: creating hex file...
After Build - User command #1: fromelf --bin ".\obj\UART0_TX.axf" --output ".\obj\UART0_TX.bin"
After Build - User command #2: fromelf --text -c ".\obj\UART0_TX.axf" --output ".\obj\UART0_TX.txt"
".\obj\UART0_TX.axf" - 0 Error(s), 1 Warning(s).
Build Time Elapsed:  00:00:06
</pre>
</body>
</html>
